------------------------------------------------------------
Timing Analyzer Summary
------------------------------------------------------------

Type  : Slow 1100mV 85C Model Setup 'KEY[0]'
Slack : -10.731
TNS   : -19061.973

Type  : Slow 1100mV 85C Model Setup 'CLOCK_50'
Slack : -3.009
TNS   : -3.009

Type  : Slow 1100mV 85C Model Hold 'CLOCK_50'
Slack : 0.724
TNS   : 0.000

Type  : Slow 1100mV 85C Model Hold 'KEY[0]'
Slack : 0.931
TNS   : 0.000

Type  : Slow 1100mV 85C Model Minimum Pulse Width 'CLOCK_50'
Slack : -0.727
TNS   : -1.265

Type  : Slow 1100mV 85C Model Minimum Pulse Width 'KEY[0]'
Slack : -0.538
TNS   : -1904.857

Type  : Slow 1100mV 0C Model Setup 'KEY[0]'
Slack : -10.703
TNS   : -18472.675

Type  : Slow 1100mV 0C Model Setup 'CLOCK_50'
Slack : -2.976
TNS   : -2.976

Type  : Slow 1100mV 0C Model Hold 'CLOCK_50'
Slack : 0.579
TNS   : 0.000

Type  : Slow 1100mV 0C Model Hold 'KEY[0]'
Slack : 0.914
TNS   : 0.000

Type  : Slow 1100mV 0C Model Minimum Pulse Width 'CLOCK_50'
Slack : -0.730
TNS   : -1.291

Type  : Slow 1100mV 0C Model Minimum Pulse Width 'KEY[0]'
Slack : -0.538
TNS   : -1990.758

Type  : Fast 1100mV 85C Model Setup 'KEY[0]'
Slack : -5.376
TNS   : -9031.667

Type  : Fast 1100mV 85C Model Setup 'CLOCK_50'
Slack : -2.343
TNS   : -2.343

Type  : Fast 1100mV 85C Model Hold 'CLOCK_50'
Slack : 0.257
TNS   : 0.000

Type  : Fast 1100mV 85C Model Hold 'KEY[0]'
Slack : 0.310
TNS   : 0.000

Type  : Fast 1100mV 85C Model Minimum Pulse Width 'CLOCK_50'
Slack : -0.769
TNS   : -1.353

Type  : Fast 1100mV 85C Model Minimum Pulse Width 'KEY[0]'
Slack : -0.630
TNS   : -1521.863

Type  : Fast 1100mV 0C Model Setup 'KEY[0]'
Slack : -4.733
TNS   : -7904.137

Type  : Fast 1100mV 0C Model Setup 'CLOCK_50'
Slack : -2.182
TNS   : -2.182

Type  : Fast 1100mV 0C Model Hold 'CLOCK_50'
Slack : 0.136
TNS   : 0.000

Type  : Fast 1100mV 0C Model Hold 'KEY[0]'
Slack : 0.299
TNS   : 0.000

Type  : Fast 1100mV 0C Model Minimum Pulse Width 'CLOCK_50'
Slack : -0.767
TNS   : -1.406

Type  : Fast 1100mV 0C Model Minimum Pulse Width 'KEY[0]'
Slack : -0.679
TNS   : -1770.374

------------------------------------------------------------
