------------------------------------------------------------
Timing Analyzer Summary
------------------------------------------------------------

Type  : Slow 1100mV 85C Model Setup 'KEY[0]'
Slack : -13.881
TNS   : -37310.000

Type  : Slow 1100mV 85C Model Setup 'CLOCK_50'
Slack : -3.226
TNS   : -3.226

Type  : Slow 1100mV 85C Model Hold 'CLOCK_50'
Slack : 0.796
TNS   : 0.000

Type  : Slow 1100mV 85C Model Hold 'KEY[0]'
Slack : 1.486
TNS   : 0.000

Type  : Slow 1100mV 85C Model Minimum Pulse Width 'CLOCK_50'
Slack : -0.723
TNS   : -1.261

Type  : Slow 1100mV 85C Model Minimum Pulse Width 'KEY[0]'
Slack : -0.538
TNS   : -2550.732

Type  : Slow 1100mV 0C Model Setup 'KEY[0]'
Slack : -13.723
TNS   : -36685.184

Type  : Slow 1100mV 0C Model Setup 'CLOCK_50'
Slack : -3.162
TNS   : -3.162

Type  : Slow 1100mV 0C Model Hold 'CLOCK_50'
Slack : 0.664
TNS   : 0.000

Type  : Slow 1100mV 0C Model Hold 'KEY[0]'
Slack : 1.450
TNS   : 0.000

Type  : Slow 1100mV 0C Model Minimum Pulse Width 'CLOCK_50'
Slack : -0.714
TNS   : -1.267

Type  : Slow 1100mV 0C Model Minimum Pulse Width 'KEY[0]'
Slack : -0.538
TNS   : -2618.153

Type  : Fast 1100mV 85C Model Setup 'KEY[0]'
Slack : -7.049
TNS   : -18081.408

Type  : Fast 1100mV 85C Model Setup 'CLOCK_50'
Slack : -2.547
TNS   : -2.547

Type  : Fast 1100mV 85C Model Hold 'CLOCK_50'
Slack : 0.437
TNS   : 0.000

Type  : Fast 1100mV 85C Model Hold 'KEY[0]'
Slack : 0.720
TNS   : 0.000

Type  : Fast 1100mV 85C Model Minimum Pulse Width 'CLOCK_50'
Slack : -0.770
TNS   : -1.355

Type  : Fast 1100mV 85C Model Minimum Pulse Width 'KEY[0]'
Slack : -0.430
TNS   : -1725.122

Type  : Fast 1100mV 0C Model Setup 'KEY[0]'
Slack : -6.210
TNS   : -15870.344

Type  : Fast 1100mV 0C Model Setup 'CLOCK_50'
Slack : -2.333
TNS   : -2.333

Type  : Fast 1100mV 0C Model Hold 'CLOCK_50'
Slack : 0.323
TNS   : 0.000

Type  : Fast 1100mV 0C Model Hold 'KEY[0]'
Slack : 0.661
TNS   : 0.000

Type  : Fast 1100mV 0C Model Minimum Pulse Width 'CLOCK_50'
Slack : -0.767
TNS   : -1.407

Type  : Fast 1100mV 0C Model Minimum Pulse Width 'KEY[0]'
Slack : -0.490
TNS   : -2095.320

------------------------------------------------------------
