------------------------------------------------------------
Timing Analyzer Summary
------------------------------------------------------------

Type  : Slow 1100mV 85C Model Setup 'KEY[0]'
Slack : -1.878
TNS   : -26.023

Type  : Slow 1100mV 85C Model Hold 'KEY[0]'
Slack : 0.831
TNS   : 0.000

Type  : Slow 1100mV 85C Model Minimum Pulse Width 'KEY[0]'
Slack : -0.538
TNS   : -10.774

Type  : Slow 1100mV 0C Model Setup 'KEY[0]'
Slack : -1.867
TNS   : -25.805

Type  : Slow 1100mV 0C Model Hold 'KEY[0]'
Slack : 0.884
TNS   : 0.000

Type  : Slow 1100mV 0C Model Minimum Pulse Width 'KEY[0]'
Slack : -0.538
TNS   : -10.923

Type  : Fast 1100mV 85C Model Setup 'KEY[0]'
Slack : -0.291
TNS   : -4.006

Type  : Fast 1100mV 85C Model Hold 'KEY[0]'
Slack : 0.303
TNS   : 0.000

Type  : Fast 1100mV 85C Model Minimum Pulse Width 'KEY[0]'
Slack : -0.089
TNS   : -1.221

Type  : Fast 1100mV 0C Model Setup 'KEY[0]'
Slack : -0.203
TNS   : -2.778

Type  : Fast 1100mV 0C Model Hold 'KEY[0]'
Slack : 0.297
TNS   : 0.000

Type  : Fast 1100mV 0C Model Minimum Pulse Width 'KEY[0]'
Slack : -0.092
TNS   : -1.272

------------------------------------------------------------
