------------------------------------------------------------
Timing Analyzer Summary
------------------------------------------------------------

Type  : Slow 1100mV 85C Model Setup 'KEY[0]'
Slack : -1.149
TNS   : -5.409

Type  : Slow 1100mV 85C Model Hold 'KEY[0]'
Slack : 0.444
TNS   : 0.000

Type  : Slow 1100mV 85C Model Recovery 'KEY[0]'
Slack : -0.874
TNS   : -3.492

Type  : Slow 1100mV 85C Model Removal 'KEY[0]'
Slack : 0.958
TNS   : 0.000

Type  : Slow 1100mV 85C Model Minimum Pulse Width 'KEY[0]'
Slack : -0.538
TNS   : -7.757

Type  : Slow 1100mV 0C Model Setup 'KEY[0]'
Slack : -1.268
TNS   : -6.067

Type  : Slow 1100mV 0C Model Hold 'KEY[0]'
Slack : 0.416
TNS   : 0.000

Type  : Slow 1100mV 0C Model Recovery 'KEY[0]'
Slack : -0.871
TNS   : -3.482

Type  : Slow 1100mV 0C Model Removal 'KEY[0]'
Slack : 0.908
TNS   : 0.000

Type  : Slow 1100mV 0C Model Minimum Pulse Width 'KEY[0]'
Slack : -0.538
TNS   : -7.906

Type  : Fast 1100mV 85C Model Setup 'KEY[0]'
Slack : 0.052
TNS   : 0.000

Type  : Fast 1100mV 85C Model Hold 'KEY[0]'
Slack : 0.181
TNS   : 0.000

Type  : Fast 1100mV 85C Model Recovery 'KEY[0]'
Slack : 0.139
TNS   : 0.000

Type  : Fast 1100mV 85C Model Removal 'KEY[0]'
Slack : 0.435
TNS   : 0.000

Type  : Fast 1100mV 85C Model Minimum Pulse Width 'KEY[0]'
Slack : -0.093
TNS   : -0.906

Type  : Fast 1100mV 0C Model Setup 'KEY[0]'
Slack : 0.084
TNS   : 0.000

Type  : Fast 1100mV 0C Model Hold 'KEY[0]'
Slack : 0.172
TNS   : 0.000

Type  : Fast 1100mV 0C Model Recovery 'KEY[0]'
Slack : 0.196
TNS   : 0.000

Type  : Fast 1100mV 0C Model Removal 'KEY[0]'
Slack : 0.396
TNS   : 0.000

Type  : Fast 1100mV 0C Model Minimum Pulse Width 'KEY[0]'
Slack : -0.095
TNS   : -0.927

------------------------------------------------------------
