------------------------------------------------------------
Timing Analyzer Summary
------------------------------------------------------------

Type  : Slow 1100mV 85C Model Setup 'divisorGenerico:divisor|tick'
Slack : -9.425
TNS   : -3855.070

Type  : Slow 1100mV 85C Model Setup 'CLOCK_50'
Slack : -4.884
TNS   : -92.533

Type  : Slow 1100mV 85C Model Hold 'divisorGenerico:divisor|tick'
Slack : 0.390
TNS   : 0.000

Type  : Slow 1100mV 85C Model Hold 'CLOCK_50'
Slack : 0.444
TNS   : 0.000

Type  : Slow 1100mV 85C Model Minimum Pulse Width 'divisorGenerico:divisor|tick'
Slack : -0.560
TNS   : -502.922

Type  : Slow 1100mV 85C Model Minimum Pulse Width 'CLOCK_50'
Slack : -0.542
TNS   : -24.405

Type  : Slow 1100mV 0C Model Setup 'divisorGenerico:divisor|tick'
Slack : -9.465
TNS   : -3683.283

Type  : Slow 1100mV 0C Model Setup 'CLOCK_50'
Slack : -5.093
TNS   : -91.445

Type  : Slow 1100mV 0C Model Hold 'divisorGenerico:divisor|tick'
Slack : 0.353
TNS   : 0.000

Type  : Slow 1100mV 0C Model Hold 'CLOCK_50'
Slack : 0.451
TNS   : 0.000

Type  : Slow 1100mV 0C Model Minimum Pulse Width 'CLOCK_50'
Slack : -0.570
TNS   : -21.976

Type  : Slow 1100mV 0C Model Minimum Pulse Width 'divisorGenerico:divisor|tick'
Slack : -0.538
TNS   : -490.453

Type  : Fast 1100mV 85C Model Setup 'divisorGenerico:divisor|tick'
Slack : -4.609
TNS   : -1905.548

Type  : Fast 1100mV 85C Model Setup 'CLOCK_50'
Slack : -2.617
TNS   : -36.091

Type  : Fast 1100mV 85C Model Hold 'divisorGenerico:divisor|tick'
Slack : 0.131
TNS   : 0.000

Type  : Fast 1100mV 85C Model Hold 'CLOCK_50'
Slack : 0.200
TNS   : 0.000

Type  : Fast 1100mV 85C Model Minimum Pulse Width 'CLOCK_50'
Slack : -0.633
TNS   : -13.501

Type  : Fast 1100mV 85C Model Minimum Pulse Width 'divisorGenerico:divisor|tick'
Slack : -0.190
TNS   : -9.703

Type  : Fast 1100mV 0C Model Setup 'divisorGenerico:divisor|tick'
Slack : -4.199
TNS   : -1668.679

Type  : Fast 1100mV 0C Model Setup 'CLOCK_50'
Slack : -2.347
TNS   : -30.953

Type  : Fast 1100mV 0C Model Hold 'divisorGenerico:divisor|tick'
Slack : 0.117
TNS   : 0.000

Type  : Fast 1100mV 0C Model Hold 'CLOCK_50'
Slack : 0.188
TNS   : 0.000

Type  : Fast 1100mV 0C Model Minimum Pulse Width 'CLOCK_50'
Slack : -0.675
TNS   : -16.164

Type  : Fast 1100mV 0C Model Minimum Pulse Width 'divisorGenerico:divisor|tick'
Slack : -0.099
TNS   : -1.303

------------------------------------------------------------
